{
  "version": "1.5.0",
  "plugins_used": [
    {
      "name": "ArtifactoryDetector"
    },
    {
      "name": "AWSKeyDetector"
    },
    {
      "name": "AzureStorageKeyDetector"
    },
    {
      "name": "Base64HighEntropyString",
      "limit": 4.5
    },
    {
      "name": "BasicAuthDetector"
    },
    {
      "name": "CloudantDetector"
    },
    {
      "name": "DiscordBotTokenDetector"
    },
    {
      "name": "GitHubTokenDetector"
    },
    {
      "name": "GitLabTokenDetector"
    },
    {
      "name": "HexHighEntropyString",
      "limit": 3.0
    },
    {
      "name": "IbmCloudIamDetector"
    },
    {
      "name": "IbmCosHmacDetector"
    },
    {
      "name": "IPPublicDetector"
    },
    {
      "name": "JwtTokenDetector"
    },
    {
      "name": "KeywordDetector",
      "keyword_exclude": ""
    },
    {
      "name": "MailchimpDetector"
    },
    {
      "name": "NpmDetector"
    },
    {
      "name": "OpenAIDetector"
    },
    {
      "name": "PrivateKeyDetector"
    },
    {
      "name": "PypiTokenDetector"
    },
    {
      "name": "SendGridDetector"
    },
    {
      "name": "SlackDetector"
    },
    {
      "name": "SoftlayerDetector"
    },
    {
      "name": "SquareOAuthDetector"
    },
    {
      "name": "StripeDetector"
    },
    {
      "name": "TelegramBotTokenDetector"
    },
    {
      "name": "TwilioKeyDetector"
    }
  ],
  "filters_used": [
    {
      "path": "detect_secrets.filters.allowlist.is_line_allowlisted"
    },
    {
      "path": "detect_secrets.filters.common.is_baseline_file",
      "filename": ".secrets.baseline"
    },
    {
      "path": "detect_secrets.filters.common.is_ignored_due_to_verification_policies",
      "min_level": 2
    },
    {
      "path": "detect_secrets.filters.heuristic.is_indirect_reference"
    },
    {
      "path": "detect_secrets.filters.heuristic.is_likely_id_string"
    },
    {
      "path": "detect_secrets.filters.heuristic.is_lock_file"
    },
    {
      "path": "detect_secrets.filters.heuristic.is_not_alphanumeric_string"
    },
    {
      "path": "detect_secrets.filters.heuristic.is_potential_uuid"
    },
    {
      "path": "detect_secrets.filters.heuristic.is_prefixed_with_dollar_sign"
    },
    {
      "path": "detect_secrets.filters.heuristic.is_sequential_string"
    },
    {
      "path": "detect_secrets.filters.heuristic.is_swagger_file"
    },
    {
      "path": "detect_secrets.filters.heuristic.is_templated_secret"
    }
  ],
  "results": {
    "tests/test_attachment_extract.py": [
      {
        "type": "Secret Keyword",
        "filename": "tests/test_attachment_extract.py",
        "hashed_secret": "51ed3ab04256655bb3c1a8339f2d290f9f64e451",
        "is_verified": false,
        "line_number": 89,
        "is_secret": false
      },
      {
        "type": "Secret Keyword",
        "filename": "tests/test_attachment_extract.py",
        "hashed_secret": "ca471f85af737dccef90ad5762e94f99dfa1c7da",
        "is_verified": false,
        "line_number": 94,
        "is_secret": false
      }
    ],
    "tests/test_browser_decider.py": [
      {
        "type": "Basic Auth Credentials",
        "filename": "tests/test_browser_decider.py",
        "hashed_secret": "1a91d62f7ca67399625a4368a6ab5d4a3baa6073",
        "is_verified": false,
        "line_number": 201,
        "is_secret": false
      }
    ],
    "tests/test_browser_release_gate.py": [
      {
        "type": "Hex High Entropy String",
        "filename": "tests/test_browser_release_gate.py",
        "hashed_secret": "c9c3448b8f6e6f50297810bc6fe73ab1a6b8568f",
        "is_verified": false,
        "line_number": 30,
        "is_secret": false
      }
    ],
    "tests/test_browser_service_phase3.py": [
      {
        "type": "Secret Keyword",
        "filename": "tests/test_browser_service_phase3.py",
        "hashed_secret": "0dd3f5d520cafb283cb23c57e78b8e162976cae7",
        "is_verified": false,
        "line_number": 47,
        "is_secret": false
      },
      {
        "type": "Secret Keyword",
        "filename": "tests/test_browser_service_phase3.py",
        "hashed_secret": "7ab368d6cee00dc586a8ab86142ad983f98186a4",
        "is_verified": false,
        "line_number": 373,
        "is_secret": false
      },
      {
        "type": "Secret Keyword",
        "filename": "tests/test_browser_service_phase3.py",
        "hashed_secret": "fef341f85d87439e7d91a2d465b9871ef66b5e98",
        "is_verified": false,
        "line_number": 585,
        "is_secret": false
      },
      {
        "type": "Secret Keyword",
        "filename": "tests/test_browser_service_phase3.py",
        "hashed_secret": "d0941e68da8f38151ff86a61fc59f7c5cf9fcaa2",
        "is_verified": false,
        "line_number": 627,
        "is_secret": false
      },
      {
        "type": "Secret Keyword",
        "filename": "tests/test_browser_service_phase3.py",
        "hashed_secret": "83e6d334117644047ba35a8242b789ac785adb5f",
        "is_verified": false,
        "line_number": 1497,
        "is_secret": false
      },
      {
        "type": "Secret Keyword",
        "filename": "tests/test_browser_service_phase3.py",
        "hashed_secret": "58ff208c6424849e3034a2f8083034f56a9aee3b",
        "is_verified": false,
        "line_number": 1550,
        "is_secret": false
      },
      {
        "type": "Secret Keyword",
        "filename": "tests/test_browser_service_phase3.py",
        "hashed_secret": "a83b3e00ef9283528986a7f2d03c2fc45d256cba",
        "is_verified": false,
        "line_number": 1822,
        "is_secret": false
      },
      {
        "type": "Secret Keyword",
        "filename": "tests/test_browser_service_phase3.py",
        "hashed_secret": "10a62f8a2b854e03b98d1536e00320fbab26c55f",
        "is_verified": false,
        "line_number": 1938,
        "is_secret": false
      },
      {
        "type": "Secret Keyword",
        "filename": "tests/test_browser_service_phase3.py",
        "hashed_secret": "bc3f17288b8556e34db1e3d674a726d7533b2138",
        "is_verified": false,
        "line_number": 2004,
        "is_secret": false
      }
    ],
    "tests/test_browser_target_selection.py": [
      {
        "type": "Basic Auth Credentials",
        "filename": "tests/test_browser_target_selection.py",
        "hashed_secret": "5baa61e4c9b93f3f0682250b6cf8331b7ee68fd8",
        "is_verified": false,
        "line_number": 94,
        "is_secret": false
      }
    ],
    "tests/test_critical_fixes.py": [
      {
        "type": "Secret Keyword",
        "filename": "tests/test_critical_fixes.py",
        "hashed_secret": "9d63d35c3a4c457d740b51809f6c12d3ff53a5a0",
        "is_verified": false,
        "line_number": 53,
        "is_secret": false
      },
      {
        "type": "Secret Keyword",
        "filename": "tests/test_critical_fixes.py",
        "hashed_secret": "b5edf87720500a6201ebead6603593367bcdd106",
        "is_verified": false,
        "line_number": 57,
        "is_secret": false
      },
      {
        "type": "Secret Keyword",
        "filename": "tests/test_critical_fixes.py",
        "hashed_secret": "193aad716e426e93895994e64da94605cca5bcef",
        "is_verified": false,
        "line_number": 69,
        "is_secret": false
      },
      {
        "type": "Secret Keyword",
        "filename": "tests/test_critical_fixes.py",
        "hashed_secret": "0c6221a0a759fcf520f9d57b7cd4c0428f5a93db",
        "is_verified": false,
        "line_number": 80,
        "is_secret": false
      }
    ],
    "tests/test_model_input_dlp.py": [
      {
        "type": "Hex High Entropy String",
        "filename": "tests/test_model_input_dlp.py",
        "hashed_secret": "b214f706bb602c1cc2adc5c6165e73622305f4bb",
        "is_verified": false,
        "line_number": 28,
        "is_secret": false
      },
      {
        "type": "Base64 High Entropy String",
        "filename": "tests/test_model_input_dlp.py",
        "hashed_secret": "f0d9a88176d4b75c6a304d3d272248ff42dbdbc8",
        "is_verified": false,
        "line_number": 29,
        "is_secret": false
      },
      {
        "type": "Base64 High Entropy String",
        "filename": "tests/test_model_input_dlp.py",
        "hashed_secret": "4587b803ee5220d6c349789dc905ba05fb809154",
        "is_verified": false,
        "line_number": 33,
        "is_secret": false
      },
      {
        "type": "Base64 High Entropy String",
        "filename": "tests/test_model_input_dlp.py",
        "hashed_secret": "30e4d4f8e238829c46c439766ddd84d0f2959c79",
        "is_verified": false,
        "line_number": 35,
        "is_secret": false
      }
    ],
    "tests/test_playwright_action_loop.py": [
      {
        "type": "Secret Keyword",
        "filename": "tests/test_playwright_action_loop.py",
        "hashed_secret": "db258d74f7eb2d131ee904ec03e203ed6ba82955",
        "is_verified": false,
        "line_number": 173,
        "is_secret": false
      },
      {
        "type": "Hex High Entropy String",
        "filename": "tests/test_playwright_action_loop.py",
        "hashed_secret": "b214f706bb602c1cc2adc5c6165e73622305f4bb",
        "is_verified": false,
        "line_number": 622,
        "is_secret": false
      }
    ],
    "tests/test_playwright_login.py": [
      {
        "type": "Secret Keyword",
        "filename": "tests/test_playwright_login.py",
        "hashed_secret": "1a91d62f7ca67399625a4368a6ab5d4a3baa6073",
        "is_verified": false,
        "line_number": 147,
        "is_secret": false
      },
      {
        "type": "Basic Auth Credentials",
        "filename": "tests/test_playwright_login.py",
        "hashed_secret": "1a91d62f7ca67399625a4368a6ab5d4a3baa6073",
        "is_verified": false,
        "line_number": 236,
        "is_secret": false
      }
    ]
  },
  "generated_at": "2026-07-26T00:30:15Z"
}
